🎲🎲🎲 EXIT CODE: 0 🎲🎲🎲
🟩🟩🟩 STDOUT️ 🟩🟩🟩️
ID                          ab49b8b6-f7ef-47fb-bb11-8f530ffaafb2
OrganizationID              105bdce1-64c0-48ab-899d-868455867ecf
ProjectID                   105bdce1-64c0-48ab-899d-868455867ecf
Name                        cli-bm-modest-shamir
Description                 -
UpdatedAt                   few seconds ago
CreatedAt                   few seconds ago
Status                      ready
OfferID                     bd757ca3-a71b-4158-9ef5-39436b6db2a4
OfferName                   EM-L101X-SATA
IPs.0.ID                    10bfda25-6b18-4fc9-9814-bc0b9fa6bbb2
IPs.0.Address               62.210.88.143
IPs.0.Reverse               ab49b8b6-f7ef-47fb-bb11-8f530ffaafb2.fr-par-1.baremetal.scw.cloud
IPs.0.Version               IPv4
IPs.0.ReverseStatus         pending
IPs.0.ReverseStatusMessage  -
IPs.1.ID                    c70cef41-260f-4037-9882-1113bc4f8863
IPs.1.Address               2001:bc8:701:6:b283:feff:fee0:fa4
IPs.1.Reverse               ab49b8b6-f7ef-47fb-bb11-8f530ffaafb2.fr-par-1.baremetal.scw.cloud
IPs.1.Version               IPv6
IPs.1.ReverseStatus         pending
IPs.1.ReverseStatusMessage  -
Domain                      ab49b8b6-f7ef-47fb-bb11-8f530ffaafb2.fr-par-1.baremetal.scw.cloud
BootType                    normal
Zone                        fr-par-1
PingStatus                  up
🟩🟩🟩 JSON STDOUT 🟩🟩🟩
{
  "id": "ab49b8b6-f7ef-47fb-bb11-8f530ffaafb2",
  "organization_id": "105bdce1-64c0-48ab-899d-868455867ecf",
  "project_id": "105bdce1-64c0-48ab-899d-868455867ecf",
  "name": "cli-bm-modest-shamir",
  "description": "",
  "updated_at": "1970-01-01T00:00:00.0Z",
  "created_at": "1970-01-01T00:00:00.0Z",
  "status": "ready",
  "offer_id": "bd757ca3-a71b-4158-9ef5-39436b6db2a4",
  "offer_name": "EM-L101X-SATA",
  "tags": [],
  "ips": [
    {
      "id": "10bfda25-6b18-4fc9-9814-bc0b9fa6bbb2",
      "address": "62.210.88.143",
      "reverse": "ab49b8b6-f7ef-47fb-bb11-8f530ffaafb2.fr-par-1.baremetal.scw.cloud",
      "version": "IPv4",
      "reverse_status": "pending",
      "reverse_status_message": ""
    },
    {
      "id": "c70cef41-260f-4037-9882-1113bc4f8863",
      "address": "2001:bc8:701:6:b283:feff:fee0:fa4",
      "reverse": "ab49b8b6-f7ef-47fb-bb11-8f530ffaafb2.fr-par-1.baremetal.scw.cloud",
      "version": "IPv6",
      "reverse_status": "pending",
      "reverse_status_message": ""
    }
  ],
  "domain": "ab49b8b6-f7ef-47fb-bb11-8f530ffaafb2.fr-par-1.baremetal.scw.cloud",
  "boot_type": "normal",
  "zone": "fr-par-1",
  "install": null,
  "ping_status": "ping_status_up",
  "options": [],
  "rescue_server": null
}
