🎲🎲🎲 EXIT CODE: 0 🎲🎲🎲
🟩🟩🟩 STDOUT️ 🟩🟩🟩️
ID                          f1673b48-1677-449a-aa72-ed4b97a96e27
OrganizationID              105bdce1-64c0-48ab-899d-868455867ecf
ProjectID                   105bdce1-64c0-48ab-899d-868455867ecf
Name                        cli-bm-youthful-nobel
Description                 -
UpdatedAt                   few seconds ago
CreatedAt                   few seconds ago
Status                      ready
OfferID                     bd757ca3-a71b-4158-9ef5-39436b6db2a4
OfferName                   EM-L101X-SATA
IPs.0.ID                    d1c82f63-fc3a-48ba-bb96-c0adafdfa92d
IPs.0.Address               62.210.88.153
IPs.0.Reverse               f1673b48-1677-449a-aa72-ed4b97a96e27.fr-par-1.baremetal.scw.cloud
IPs.0.Version               IPv4
IPs.0.ReverseStatus         active
IPs.0.ReverseStatusMessage  -
IPs.1.ID                    fc8ea2b4-4ec8-456e-ac05-51f58e269e72
IPs.1.Address               2001:bc8:701:6:b283:feff:fed1:9d9e
IPs.1.Reverse               f1673b48-1677-449a-aa72-ed4b97a96e27.fr-par-1.baremetal.scw.cloud
IPs.1.Version               IPv6
IPs.1.ReverseStatus         active
IPs.1.ReverseStatusMessage  -
Domain                      f1673b48-1677-449a-aa72-ed4b97a96e27.fr-par-1.baremetal.scw.cloud
BootType                    normal
Zone                        fr-par-1
Install.OsID                03b7f4ba-a6a1-4305-984e-b54fafbf1681
Install.Hostname            test-install-server
Install.SSHKeyIDs.0         97cbb7e8-3ea5-4e06-b665-ef84386a9ff2
Install.Status              completed
Install.User                ubuntu
Install.ServiceUser         -
Install.ServiceURL          -
PingStatus                  up
🟩🟩🟩 JSON STDOUT 🟩🟩🟩
{
  "id": "f1673b48-1677-449a-aa72-ed4b97a96e27",
  "organization_id": "105bdce1-64c0-48ab-899d-868455867ecf",
  "project_id": "105bdce1-64c0-48ab-899d-868455867ecf",
  "name": "cli-bm-youthful-nobel",
  "description": "",
  "updated_at": "1970-01-01T00:00:00.0Z",
  "created_at": "1970-01-01T00:00:00.0Z",
  "status": "ready",
  "offer_id": "bd757ca3-a71b-4158-9ef5-39436b6db2a4",
  "offer_name": "EM-L101X-SATA",
  "tags": [],
  "ips": [
    {
      "id": "d1c82f63-fc3a-48ba-bb96-c0adafdfa92d",
      "address": "62.210.88.153",
      "reverse": "f1673b48-1677-449a-aa72-ed4b97a96e27.fr-par-1.baremetal.scw.cloud",
      "version": "IPv4",
      "reverse_status": "active",
      "reverse_status_message": ""
    },
    {
      "id": "fc8ea2b4-4ec8-456e-ac05-51f58e269e72",
      "address": "2001:bc8:701:6:b283:feff:fed1:9d9e",
      "reverse": "f1673b48-1677-449a-aa72-ed4b97a96e27.fr-par-1.baremetal.scw.cloud",
      "version": "IPv6",
      "reverse_status": "active",
      "reverse_status_message": ""
    }
  ],
  "domain": "f1673b48-1677-449a-aa72-ed4b97a96e27.fr-par-1.baremetal.scw.cloud",
  "boot_type": "normal",
  "zone": "fr-par-1",
  "install": {
    "os_id": "03b7f4ba-a6a1-4305-984e-b54fafbf1681",
    "hostname": "test-install-server",
    "ssh_key_ids": [
      "97cbb7e8-3ea5-4e06-b665-ef84386a9ff2"
    ],
    "status": "completed",
    "user": "ubuntu",
    "service_user": "",
    "service_url": ""
  },
  "ping_status": "ping_status_up",
  "options": [],
  "rescue_server": null
}
