🎲🎲🎲 EXIT CODE: 0 🎲🎲🎲
🟩🟩🟩 STDOUT️ 🟩🟩🟩️
ID                          6bc12231-6b14-401c-a5df-c1c35afb7021
OrganizationID              105bdce1-64c0-48ab-899d-868455867ecf
ProjectID                   105bdce1-64c0-48ab-899d-868455867ecf
Name                        cli-bm-gallant-wright
Description                 -
UpdatedAt                   few seconds ago
CreatedAt                   few seconds ago
Status                      ready
OfferID                     bd757ca3-a71b-4158-9ef5-39436b6db2a4
OfferName                   EM-L101X-SATA
IPs.0.ID                    1d24e606-b24a-4b08-a010-5034c7509669
IPs.0.Address               2001:bc8:701:6:b283:feff:fec6:4fef
IPs.0.Reverse               6bc12231-6b14-401c-a5df-c1c35afb7021.fr-par-1.baremetal.scw.cloud
IPs.0.Version               IPv6
IPs.0.ReverseStatus         active
IPs.0.ReverseStatusMessage  -
IPs.1.ID                    9d6f797f-54fe-418a-b6c0-68515cc8a8a2
IPs.1.Address               62.210.88.152
IPs.1.Reverse               6bc12231-6b14-401c-a5df-c1c35afb7021.fr-par-1.baremetal.scw.cloud
IPs.1.Version               IPv4
IPs.1.ReverseStatus         active
IPs.1.ReverseStatusMessage  -
Domain                      6bc12231-6b14-401c-a5df-c1c35afb7021.fr-par-1.baremetal.scw.cloud
BootType                    normal
Zone                        fr-par-1
Install.OsID                03b7f4ba-a6a1-4305-984e-b54fafbf1681
Install.Hostname            test-install-server
Install.SSHKeyIDs.0         bacef4ba-fb00-4e84-a570-aa566e0085ed
Install.Status              completed
Install.User                ubuntu
Install.ServiceUser         -
Install.ServiceURL          -
PingStatus                  up
🟩🟩🟩 JSON STDOUT 🟩🟩🟩
{
  "id": "6bc12231-6b14-401c-a5df-c1c35afb7021",
  "organization_id": "105bdce1-64c0-48ab-899d-868455867ecf",
  "project_id": "105bdce1-64c0-48ab-899d-868455867ecf",
  "name": "cli-bm-gallant-wright",
  "description": "",
  "updated_at": "1970-01-01T00:00:00.0Z",
  "created_at": "1970-01-01T00:00:00.0Z",
  "status": "ready",
  "offer_id": "bd757ca3-a71b-4158-9ef5-39436b6db2a4",
  "offer_name": "EM-L101X-SATA",
  "tags": [],
  "ips": [
    {
      "id": "1d24e606-b24a-4b08-a010-5034c7509669",
      "address": "2001:bc8:701:6:b283:feff:fec6:4fef",
      "reverse": "6bc12231-6b14-401c-a5df-c1c35afb7021.fr-par-1.baremetal.scw.cloud",
      "version": "IPv6",
      "reverse_status": "active",
      "reverse_status_message": ""
    },
    {
      "id": "9d6f797f-54fe-418a-b6c0-68515cc8a8a2",
      "address": "62.210.88.152",
      "reverse": "6bc12231-6b14-401c-a5df-c1c35afb7021.fr-par-1.baremetal.scw.cloud",
      "version": "IPv4",
      "reverse_status": "active",
      "reverse_status_message": ""
    }
  ],
  "domain": "6bc12231-6b14-401c-a5df-c1c35afb7021.fr-par-1.baremetal.scw.cloud",
  "boot_type": "normal",
  "zone": "fr-par-1",
  "install": {
    "os_id": "03b7f4ba-a6a1-4305-984e-b54fafbf1681",
    "hostname": "test-install-server",
    "ssh_key_ids": [
      "bacef4ba-fb00-4e84-a570-aa566e0085ed"
    ],
    "status": "completed",
    "user": "ubuntu",
    "service_user": "",
    "service_url": ""
  },
  "ping_status": "ping_status_up",
  "options": [],
  "rescue_server": null
}
