🎲🎲🎲 EXIT CODE: 0 🎲🎲🎲
🟩🟩🟩 STDOUT️ 🟩🟩🟩️
ID              a13d02cc-0157-4d21-b5d7-f4bffce49413
Name            foobar
PublicKey       ecdsa-sha2-nistp256 AAAAE2VjZHNhLXNoYTItbmlzdHAyNTYAAAAIbmlzdHAyNTYAAABBBBieay3nO9wViPkuvFVgGGaA1IRlkFrr946yqvg9LxZIRhsnZ61yLCPmIOhvUAZ/gTxZGmhgtMDxkenSUTsG3F0= foobar@foobar
Fingerprint     256 MD5:19:ec:90:3b:95:c6:d8:93:ac:e1:14:4c:0e:cb:ea:44 foobar@foobar (ecdsa-sha2-nistp256)
CreatedAt       few seconds ago
UpdatedAt       few seconds ago
OrganizationID  105bdce1-64c0-48ab-899d-868455867ecf
ProjectID       105bdce1-64c0-48ab-899d-868455867ecf
Disabled        false
🟩🟩🟩 JSON STDOUT 🟩🟩🟩
{
  "id": "a13d02cc-0157-4d21-b5d7-f4bffce49413",
  "name": "foobar",
  "public_key": "ecdsa-sha2-nistp256 AAAAE2VjZHNhLXNoYTItbmlzdHAyNTYAAAAIbmlzdHAyNTYAAABBBBieay3nO9wViPkuvFVgGGaA1IRlkFrr946yqvg9LxZIRhsnZ61yLCPmIOhvUAZ/gTxZGmhgtMDxkenSUTsG3F0= foobar@foobar",
  "fingerprint": "256 MD5:19:ec:90:3b:95:c6:d8:93:ac:e1:14:4c:0e:cb:ea:44 foobar@foobar (ecdsa-sha2-nistp256)",
  "created_at": "1970-01-01T00:00:00.0Z",
  "updated_at": "1970-01-01T00:00:00.0Z",
  "organization_id": "105bdce1-64c0-48ab-899d-868455867ecf",
  "project_id": "105bdce1-64c0-48ab-899d-868455867ecf",
  "disabled": false
}
