🎲🎲🎲 EXIT CODE: 0 🎲🎲🎲
🟩🟩🟩 STDOUT️ 🟩🟩🟩️
ID                eaad7843-9a27-467f-b6d3-d45fc7f53580
Name              cli-test
Status            creating
Version           1.17.3
Region            fr-par
OrganizationID    b8fdefc6-c926-4a47-af24-24f14f724d6a
ProjectID         -
Cni               cilium
Description       -
ClusterURL        https://eaad7843-9a27-467f-b6d3-d45fc7f53580.api.k8s.fr-par.scw.cloud:6443
DNSWildcard       *.eaad7843-9a27-467f-b6d3-d45fc7f53580.nodes.k8s.fr-par.scw.cloud
CreatedAt         few seconds ago
UpdatedAt         few seconds ago
DashboardEnabled  false
Ingress           none
UpgradeAvailable  true

Autoscaler configuration:
ScaleDownDisabled             false
ScaleDownDelayAfterAdd        10m
Estimator                     binpacking
Expander                      random
IgnoreDaemonsetsUtilization   false
BalanceSimilarNodeGroups      false
ExpendablePodsPriorityCutoff  -10
ScaleDownUnneededTime         10m

Auto-upgrade settings:
Enabled                      false
MaintenanceWindow.StartHour  0
MaintenanceWindow.Day        any

Pools:
ID                                    NAME     STATUS   VERSION  NODE TYPE  MIN SIZE  SIZE  MAX SIZE  AUTOSCALING  AUTOHEALING
c610deed-139b-4950-aff7-8e2ccd895507  default  scaling  1.17.3   dev1_m     0         1     1         false        false
🟩🟩🟩 JSON STDOUT 🟩🟩🟩
{
  "id": "eaad7843-9a27-467f-b6d3-d45fc7f53580",
  "name": "cli-test",
  "status": "creating",
  "version": "1.17.3",
  "region": "fr-par",
  "organization_id": "b8fdefc6-c926-4a47-af24-24f14f724d6a",
  "project_id": "",
  "tags": [],
  "cni": "cilium",
  "description": "",
  "cluster_url": "https://eaad7843-9a27-467f-b6d3-d45fc7f53580.api.k8s.fr-par.scw.cloud:6443",
  "dns_wildcard": "*.eaad7843-9a27-467f-b6d3-d45fc7f53580.nodes.k8s.fr-par.scw.cloud",
  "created_at": "1970-01-01T00:00:00.0Z",
  "updated_at": "1970-01-01T00:00:00.0Z",
  "autoscaler_config": {
    "scale_down_disabled": false,
    "scale_down_delay_after_add": "10m",
    "estimator": "binpacking",
    "expander": "random",
    "ignore_daemonsets_utilization": false,
    "balance_similar_node_groups": false,
    "expendable_pods_priority_cutoff": -10,
    "scale_down_unneeded_time": "10m"
  },
  "dashboard_enabled": false,
  "ingress": "none",
  "auto_upgrade": {
    "enabled": false,
    "maintenance_window": {
      "start_hour": 0,
      "day": "any"
    }
  },
  "upgrade_available": true,
  "feature_gates": [],
  "admission_plugins": [],
  "pools": [
    {
      "id": "c610deed-139b-4950-aff7-8e2ccd895507",
      "name": "default",
      "status": "scaling",
      "version": "1.17.3",
      "node_type": "dev1_m",
      "min_size": 0,
      "size": 1,
      "max_size": 1,
      "autoscaling": false,
      "autohealing": false
    }
  ]
}
